Picked up JAVA_TOOL_OPTIONS: 

  .   ____          _            __ _ _
 /\\ / ___'_ __ _ _(_)_ __  __ _ \ \ \ \
( ( )\___ | '_ | '_| | '_ \/ _` | \ \ \ \
 \\/  ___)| |_)| | | | | || (_| |  ) ) ) )
  '  |____| .__|_| |_|_| |_\__, | / / / /
 =========|_|==============|___/=/_/_/_/

 :: Spring Boot ::                (v3.5.5)

2026-10-06T19:56:42.843+08:00  INFO 936 --- [blog-backend] [           main] com.jianyou.blog.BlogApplication         : Starting BlogApplication v1.0.0 using Java 21.0.9 with PID 936 (D:\quanbudaima\bi_ye_she_ji\blog-backend\target\blog-backend.jar started by 简 in D:\quanbudaima\bi_ye_she_ji\blog-backend)
2026-10-06T19:56:42.845+08:00  INFO 936 --- [blog-backend] [           main] com.jianyou.blog.BlogApplication         : No active profile set, falling back to 1 default profile: "default"
2026-10-06T19:56:43.830+08:00  INFO 936 --- [blog-backend] [           main] .s.d.r.c.RepositoryConfigurationDelegate : Multiple Spring Data modules found, entering strict repository configuration mode
2026-10-06T19:56:43.832+08:00  INFO 936 --- [blog-backend] [           main] .s.d.r.c.RepositoryConfigurationDelegate : Bootstrapping Spring Data Redis repositories in DEFAULT mode.
2026-10-06T19:56:43.860+08:00  INFO 936 --- [blog-backend] [           main] .s.d.r.c.RepositoryConfigurationDelegate : Finished Spring Data repository scanning in 12 ms. Found 0 Redis repository interfaces.
2026-10-06T19:56:44.527+08:00  INFO 936 --- [blog-backend] [           main] o.s.b.w.embedded.tomcat.TomcatWebServer  : Tomcat initialized with port 8080 (http)
2026-10-06T19:56:44.551+08:00  INFO 936 --- [blog-backend] [           main] o.apache.catalina.core.StandardService   : Starting service [Tomcat]
2026-10-06T19:56:44.552+08:00  INFO 936 --- [blog-backend] [           main] o.apache.catalina.core.StandardEngine    : Starting Servlet engine: [Apache Tomcat/10.1.44]
2026-10-06T19:56:44.582+08:00  INFO 936 --- [blog-backend] [           main] o.a.c.c.C.[Tomcat].[localhost].[/api]    : Initializing Spring embedded WebApplicationContext
2026-10-06T19:56:44.583+08:00  INFO 936 --- [blog-backend] [           main] w.s.c.ServletWebServerApplicationContext : Root WebApplicationContext: initialization completed in 1683 ms
2026-10-06T19:56:45.276+08:00  INFO 936 --- [blog-backend] [           main] com.jianyou.blog.util.ProvinceResolver   : ip2region xdb 载入成功: ip2region/ip2region_v4.xdb (11122036 bytes)
2026-10-06T19:56:45.391+08:00  WARN 936 --- [blog-backend] [           main] c.b.m.core.metadata.TableInfoHelper      : Can not find table primary key in Class: "com.jianyou.blog.entity.ArticleTag".
2026-10-06T19:56:45.393+08:00  WARN 936 --- [blog-backend] [           main] c.b.m.core.injector.DefaultSqlInjector   : class com.jianyou.blog.entity.ArticleTag ,Not found @TableId annotation, Cannot use Mybatis-Plus 'xxById' Method.
2026-10-06T19:56:47.249+08:00  INFO 936 --- [blog-backend] [           main] o.s.b.w.embedded.tomcat.TomcatWebServer  : Tomcat started on port 8080 (http) with context path '/api'
2026-10-06T19:56:47.271+08:00  INFO 936 --- [blog-backend] [           main] com.jianyou.blog.BlogApplication         : Started BlogApplication in 4.918 seconds (process running for 5.402)
2026-10-06T19:56:47.398+08:00  INFO 936 --- [blog-backend] [           main] com.zaxxer.hikari.HikariDataSource       : HikariPool-1 - Starting...
2026-10-06T19:56:47.577+08:00  INFO 936 --- [blog-backend] [           main] com.zaxxer.hikari.pool.HikariPool        : HikariPool-1 - Added connection com.mysql.cj.jdbc.ConnectionImpl@723c5f86
2026-10-06T19:56:47.578+08:00  INFO 936 --- [blog-backend] [           main] com.zaxxer.hikari.HikariDataSource       : HikariPool-1 - Start completed.
2026-10-06T19:56:47.634+08:00  INFO 936 --- [blog-backend] [           main] com.jianyou.blog.config.DataLoader       : 博主账号已初始化（13800000001 / jianyou@local.dev），跳过
2026-10-06T19:57:12.113+08:00  INFO 936 --- [blog-backend] [nio-8080-exec-1] o.a.c.c.C.[Tomcat].[localhost].[/api]    : Initializing Spring DispatcherServlet 'dispatcherServlet'
2026-10-06T19:57:12.113+08:00  INFO 936 --- [blog-backend] [nio-8080-exec-1] o.s.web.servlet.DispatcherServlet        : Initializing Servlet 'dispatcherServlet'
2026-10-06T19:57:12.115+08:00  INFO 936 --- [blog-backend] [nio-8080-exec-1] o.s.web.servlet.DispatcherServlet        : Completed initialization in 1 ms
