[36mvite v5.4.21 [32mbuilding for production...[36m[39m
transforming...
[32m✓[39m 1886 modules transformed.
rendering chunks...
computing gzip size...
[2mdist-verify/[22m[32mindex.html                                                              [39m[1m[2m    1.26 kB[22m[1m[22m[2m │ gzip:   0.79 kB[22m
[2mdist-verify/[22m[35massets/ProfileInfoView-CIzQnlhm.css                                     [39m[1m[2m    0.36 kB[22m[1m[22m[2m │ gzip:   0.25 kB[22m
[2mdist-verify/[22m[35massets/AlbumView-CkzTrAVZ.css                                           [39m[1m[2m    0.52 kB[22m[1m[22m[2m │ gzip:   0.33 kB[22m
[2mdist-verify/[22m[35massets/NotFoundView-DbZKoHfn.css                                        [39m[1m[2m    0.52 kB[22m[1m[22m[2m │ gzip:   0.31 kB[22m
[2mdist-verify/[22m[35massets/ArticleEditView-RrRAU4Sm.css                                     [39m[1m[2m    0.69 kB[22m[1m[22m[2m │ gzip:   0.37 kB[22m
[2mdist-verify/[22m[35massets/ArticleCard-DXqj_ujY.css                                         [39m[1m[2m    0.81 kB[22m[1m[22m[2m │ gzip:   0.51 kB[22m
[2mdist-verify/[22m[35massets/PageMasthead-DWAhFeH9.css                                        [39m[1m[2m    0.91 kB[22m[1m[22m[2m │ gzip:   0.48 kB[22m
[2mdist-verify/[22m[35massets/ArticleDetailView-DnSf__WN.css                                   [39m[1m[2m    1.12 kB[22m[1m[22m[2m │ gzip:   0.58 kB[22m
[2mdist-verify/[22m[35massets/RegisterView-CVmlMQQj.css                                        [39m[1m[2m    1.20 kB[22m[1m[22m[2m │ gzip:   0.57 kB[22m
[2mdist-verify/[22m[35massets/LoginView-Brs5fifc.css                                           [39m[1m[2m    1.28 kB[22m[1m[22m[2m │ gzip:   0.58 kB[22m
[2mdist-verify/[22m[35massets/ToolboxView-D3cYlk9B.css                                         [39m[1m[2m    1.57 kB[22m[1m[22m[2m │ gzip:   0.60 kB[22m
[2mdist-verify/[22m[35massets/ArchiveView-DBwxdarF.css                                         [39m[1m[2m    1.72 kB[22m[1m[22m[2m │ gzip:   0.64 kB[22m
[2mdist-verify/[22m[35massets/HomeView-C8eBsZZG.css                                            [39m[1m[2m    2.16 kB[22m[1m[22m[2m │ gzip:   0.81 kB[22m
[2mdist-verify/[22m[35massets/SearchView-CyO8LCww.css                                          [39m[1m[2m    2.91 kB[22m[1m[22m[2m │ gzip:   0.95 kB[22m
[2mdist-verify/[22m[35massets/ForgotPasswordView-tLuU-urI.css                                  [39m[1m[2m    3.17 kB[22m[1m[22m[2m │ gzip:   1.01 kB[22m
[2mdist-verify/[22m[35massets/MessageView-BhqcuLos.css                                         [39m[1m[2m    6.20 kB[22m[1m[22m[2m │ gzip:   1.91 kB[22m
[2mdist-verify/[22m[35massets/index-CBDkRDwR.css                                               [39m[1m[2m  421.67 kB[22m[1m[22m[2m │ gzip:  60.98 kB[22m
[2mdist-verify/[22m[36massets/TagView-RfZgfm8v.js                                              [39m[1m[2m    0.42 kB[22m[1m[22m[2m │ gzip:   0.28 kB[22m
[2mdist-verify/[22m[36massets/CategoryView-ME9xXvA1.js                                         [39m[1m[2m    0.43 kB[22m[1m[22m[2m │ gzip:   0.29 kB[22m
[2mdist-verify/[22m[36massets/Skeleton.vue_vue_type_script_setup_true_lang-BCpxgiSz.js         [39m[1m[2m    0.74 kB[22m[1m[22m[2m │ gzip:   0.40 kB[22m
[2mdist-verify/[22m[36massets/TravelView-ke4KKLu7.js                                           [39m[1m[2m    1.46 kB[22m[1m[22m[2m │ gzip:   1.02 kB[22m
[2mdist-verify/[22m[36massets/NotFoundView-BM0aNz0K.js                                         [39m[1m[2m    1.56 kB[22m[1m[22m[2m │ gzip:   1.04 kB[22m
[2mdist-verify/[22m[36massets/MyCollectionsView-f0uiL6dx.js                                    [39m[1m[2m    1.96 kB[22m[1m[22m[2m │ gzip:   1.10 kB[22m
[2mdist-verify/[22m[36massets/PageMasthead-DNInufWv.js                                         [39m[1m[2m    2.21 kB[22m[1m[22m[2m │ gzip:   1.08 kB[22m
[2mdist-verify/[22m[36massets/MessageManageView-BjhJ3__a.js                                    [39m[1m[2m    2.38 kB[22m[1m[22m[2m │ gzip:   1.43 kB[22m
[2mdist-verify/[22m[36massets/admin-w0PjAs_x.js                                                [39m[1m[2m    2.61 kB[22m[1m[22m[2m │ gzip:   0.69 kB[22m
[2mdist-verify/[22m[36massets/EssayView-098ddjcE.js                                            [39m[1m[2m    2.75 kB[22m[1m[22m[2m │ gzip:   1.60 kB[22m
[2mdist-verify/[22m[36massets/RecordView-BOimCK3Q.js                                           [39m[1m[2m    2.90 kB[22m[1m[22m[2m │ gzip:   1.66 kB[22m
[2mdist-verify/[22m[36massets/UserManageView-B9XBl6cg.js                                       [39m[1m[2m    3.01 kB[22m[1m[22m[2m │ gzip:   1.70 kB[22m
[2mdist-verify/[22m[36massets/ProfileView-a4q5UAPN.js                                          [39m[1m[2m    3.20 kB[22m[1m[22m[2m │ gzip:   1.70 kB[22m
[2mdist-verify/[22m[36massets/TagManageView-DbcoDKNr.js                                        [39m[1m[2m    3.42 kB[22m[1m[22m[2m │ gzip:   1.74 kB[22m
[2mdist-verify/[22m[36massets/ArchiveView-BsJxblRE.js                                          [39m[1m[2m    3.51 kB[22m[1m[22m[2m │ gzip:   2.02 kB[22m
[2mdist-verify/[22m[36massets/CategoryManageView-U6pDlQgp.js                                   [39m[1m[2m    3.58 kB[22m[1m[22m[2m │ gzip:   1.68 kB[22m
[2mdist-verify/[22m[36massets/AlbumView-D1ZFzkL2.js                                            [39m[1m[2m    3.88 kB[22m[1m[22m[2m │ gzip:   1.97 kB[22m
[2mdist-verify/[22m[36massets/ResourceManageView-D1IJSbVj.js                                   [39m[1m[2m    3.95 kB[22m[1m[22m[2m │ gzip:   2.17 kB[22m
[2mdist-verify/[22m[36massets/SettingView-Ch3-Wby9.js                                          [39m[1m[2m    4.25 kB[22m[1m[22m[2m │ gzip:   1.70 kB[22m
[2mdist-verify/[22m[36massets/LinkManageView-D8-lX7He.js                                       [39m[1m[2m    4.48 kB[22m[1m[22m[2m │ gzip:   1.94 kB[22m
[2mdist-verify/[22m[36massets/DashboardView-ChOamSRX.js                                        [39m[1m[2m    4.53 kB[22m[1m[22m[2m │ gzip:   2.20 kB[22m
[2mdist-verify/[22m[36massets/ArticleCard-8MyLj-9k.js                                          [39m[1m[2m    4.67 kB[22m[1m[22m[2m │ gzip:   2.13 kB[22m
[2mdist-verify/[22m[36massets/ArticleListView.vue_vue_type_script_setup_true_lang-ejPwO0bd.js  [39m[1m[2m    4.92 kB[22m[1m[22m[2m │ gzip:   2.39 kB[22m
[2mdist-verify/[22m[36massets/ArticleManageView-Bwb2LHDI.js                                    [39m[1m[2m    5.18 kB[22m[1m[22m[2m │ gzip:   2.46 kB[22m
[2mdist-verify/[22m[36massets/LoginView-DIEqgZAj.js                                            [39m[1m[2m    5.77 kB[22m[1m[22m[2m │ gzip:   2.84 kB[22m
[2mdist-verify/[22m[36massets/RegisterView-DqiQQ2ol.js                                         [39m[1m[2m    6.06 kB[22m[1m[22m[2m │ gzip:   2.76 kB[22m
[2mdist-verify/[22m[36massets/AboutView-iuvlsm48.js                                            [39m[1m[2m    6.20 kB[22m[1m[22m[2m │ gzip:   3.36 kB[22m
[2mdist-verify/[22m[36massets/SearchView-DjbVSfVA.js                                           [39m[1m[2m    7.44 kB[22m[1m[22m[2m │ gzip:   3.32 kB[22m
[2mdist-verify/[22m[36massets/MessageView-C8M-0dcL.js                                          [39m[1m[2m    7.55 kB[22m[1m[22m[2m │ gzip:   3.84 kB[22m
[2mdist-verify/[22m[36massets/MusicManageView-DhxR2Sff.js                                      [39m[1m[2m    7.87 kB[22m[1m[22m[2m │ gzip:   3.52 kB[22m
[2mdist-verify/[22m[36massets/ToolboxView-TSFisSYq.js                                          [39m[1m[2m    8.32 kB[22m[1m[22m[2m │ gzip:   4.09 kB[22m
[2mdist-verify/[22m[36massets/ArticleEditView-D4yTAMG_.js                                      [39m[1m[2m    8.60 kB[22m[1m[22m[2m │ gzip:   3.71 kB[22m
[2mdist-verify/[22m[36massets/ForgotPasswordView-ChHMysqi.js                                   [39m[1m[2m    8.77 kB[22m[1m[22m[2m │ gzip:   3.69 kB[22m
[2mdist-verify/[22m[36massets/AlbumManageView-DA4p3oni.js                                      [39m[1m[2m    9.77 kB[22m[1m[22m[2m │ gzip:   4.07 kB[22m
[2mdist-verify/[22m[36massets/ProfileInfoView-CrPtBDOR.js                                      [39m[1m[2m   10.60 kB[22m[1m[22m[2m │ gzip:   3.46 kB[22m
[2mdist-verify/[22m[36massets/ArticleDetailView-DciQwCX_.js                                    [39m[1m[2m   12.57 kB[22m[1m[22m[2m │ gzip:   4.50 kB[22m
[2mdist-verify/[22m[36massets/HomeView-0BuGO9--.js                                             [39m[1m[2m   14.43 kB[22m[1m[22m[2m │ gzip:   5.41 kB[22m
[2mdist-verify/[22m[36massets/highlight-02uCuPk1.js                                            [39m[1m[2m   21.07 kB[22m[1m[22m[2m │ gzip:   8.49 kB[22m
[2mdist-verify/[22m[36massets/markdown-CvbNNi8k.js                                             [39m[1m[2m   39.62 kB[22m[1m[22m[2m │ gzip:  13.26 kB[22m
[2mdist-verify/[22m[36massets/markdown-2vTRFaW2.js                                             [39m[1m[2m   93.60 kB[22m[1m[22m[2m │ gzip:  46.74 kB[22m
[2mdist-verify/[22m[36massets/vue-ChtDITW2.js                                                  [39m[1m[2m  113.61 kB[22m[1m[22m[2m │ gzip:  44.21 kB[22m
[2mdist-verify/[22m[36massets/index-NF9bw0NZ.js                                                [39m[1m[2m1,037.59 kB[22m[1m[22m[2m │ gzip: 337.98 kB[22m
[32m✓ built in 8.92s[39m
build-exit=0
