 Image bi_ye_she_ji-backend Building 
 Image bi_ye_she_ji-frontend Building 
#1 [internal] load local bake definitions
#1 reading from stdin 1.01kB 0.0s done
#1 DONE 0.0s

#2 [frontend internal] load build definition from Dockerfile
#2 transferring dockerfile: 394B 0.0s done
#2 DONE 0.1s

#3 [backend internal] load build definition from Dockerfile
#3 transferring dockerfile: 658B 0.0s done
#3 DONE 0.1s

#4 [frontend internal] load metadata for docker.io/library/node:22-alpine
#4 ...

#5 [backend internal] load metadata for docker.io/library/maven:3.9-eclipse-temurin-21
#5 DONE 0.4s

#6 [backend internal] load metadata for docker.io/library/eclipse-temurin:21-jre
#6 DONE 5.2s

#7 [frontend internal] load metadata for docker.io/library/nginx:alpine
#7 ...

#8 [backend internal] load .dockerignore
#8 transferring context: 59B done
#8 DONE 0.0s

#9 [backend build 1/7] FROM docker.io/library/maven:3.9-eclipse-temurin-21@sha256:a972570be789ee5c9fa23446a8914ac7327560b5c022f662cfa9452aef829f18
#9 resolve docker.io/library/maven:3.9-eclipse-temurin-21@sha256:a972570be789ee5c9fa23446a8914ac7327560b5c022f662cfa9452aef829f18 0.0s done
#9 ...

#10 [backend internal] load build context
#10 transferring context: 271.83kB 0.1s done
#10 DONE 0.1s

#11 [backend stage-1 1/3] FROM docker.io/library/eclipse-temurin:21-jre@sha256:cff19e6215689161eb6162c11b86b0c60ddf802164f2eaf48d570f8fb79a36c5
#11 resolve docker.io/library/eclipse-temurin:21-jre@sha256:cff19e6215689161eb6162c11b86b0c60ddf802164f2eaf48d570f8fb79a36c5 0.0s done
#11 DONE 0.2s

#9 [backend build 1/7] FROM docker.io/library/maven:3.9-eclipse-temurin-21@sha256:a972570be789ee5c9fa23446a8914ac7327560b5c022f662cfa9452aef829f18
#9 DONE 0.3s

#12 [backend build 2/7] WORKDIR /app
#12 DONE 0.0s

#11 [backend stage-1 1/3] FROM docker.io/library/eclipse-temurin:21-jre@sha256:cff19e6215689161eb6162c11b86b0c60ddf802164f2eaf48d570f8fb79a36c5
#11 ...

#13 [backend build 3/7] COPY docker/settings.xml /root/.m2/settings.xml
#13 DONE 0.0s

#14 [backend build 4/7] COPY pom.xml .
#14 DONE 0.0s

#11 [backend stage-1 1/3] FROM docker.io/library/eclipse-temurin:21-jre@sha256:cff19e6215689161eb6162c11b86b0c60ddf802164f2eaf48d570f8fb79a36c5
#11 sha256:550bcd7b9380af835ebbbf439f5ddcaebfb2af951dc75d4bcbdc261cbe3917f0 0B / 2.46kB 0.3s
#11 sha256:5d8dab7db2742f65eb651ddb9c472895877637821edd25947a57e6809ea99ecb 0B / 23.11MB 0.2s
#11 sha256:3b4157e3a962cdb99242cd5b145bcc2124d0db0c9849175dd981fe78640d0a72 0B / 158B 0.2s
#11 ...

#4 [frontend internal] load metadata for docker.io/library/node:22-alpine
#4 DONE 6.2s

#11 [backend stage-1 1/3] FROM docker.io/library/eclipse-temurin:21-jre@sha256:cff19e6215689161eb6162c11b86b0c60ddf802164f2eaf48d570f8fb79a36c5
#11 ...

#7 [frontend internal] load metadata for docker.io/library/nginx:alpine
#7 DONE 6.2s

#15 [frontend internal] load .dockerignore
#15 transferring context: 75B done
#15 DONE 0.0s

#16 [frontend internal] load build context
#16 DONE 0.0s

#11 [backend stage-1 1/3] FROM docker.io/library/eclipse-temurin:21-jre@sha256:cff19e6215689161eb6162c11b86b0c60ddf802164f2eaf48d570f8fb79a36c5
#11 ...

#17 [frontend build 1/6] FROM docker.io/library/node:22-alpine@sha256:0a7108bf6c7bf5de370ffb1a3ed6be93d405b43ff159f681a8d18c0e2bc2e402
#17 resolve docker.io/library/node:22-alpine@sha256:0a7108bf6c7bf5de370ffb1a3ed6be93d405b43ff159f681a8d18c0e2bc2e402 0.0s done
#17 DONE 0.2s

#11 [backend stage-1 1/3] FROM docker.io/library/eclipse-temurin:21-jre@sha256:cff19e6215689161eb6162c11b86b0c60ddf802164f2eaf48d570f8fb79a36c5
#11 sha256:9d8d42fbc5604c4e895096a9217ddaef21c1eb762a43acedbc9c4554b58f65bb 0B / 53.10MB 0.2s
#11 ...

#16 [frontend internal] load build context
#16 transferring context: 681.15kB 0.1s done
#16 DONE 0.2s

#11 [backend stage-1 1/3] FROM docker.io/library/eclipse-temurin:21-jre@sha256:cff19e6215689161eb6162c11b86b0c60ddf802164f2eaf48d570f8fb79a36c5
#11 sha256:550bcd7b9380af835ebbbf439f5ddcaebfb2af951dc75d4bcbdc261cbe3917f0 2.46kB / 2.46kB 2.5s done
#11 sha256:06ad70e463aa4a17833d00d6d5d346c895ebb66fee637eefd67024dc6cdc2f1c 0B / 388B 0.2s
#11 sha256:4e07a0f12b2c009f98326fa391e869bd52fc63728c482400af6cb752bc16744b 0B / 41.84MB 0.2s
#11 sha256:5d8dab7db2742f65eb651ddb9c472895877637821edd25947a57e6809ea99ecb 2.10MB / 23.11MB 4.5s
#11 sha256:06ad70e463aa4a17833d00d6d5d346c895ebb66fee637eefd67024dc6cdc2f1c 388B / 388B 3.2s done
#11 sha256:9d8d42fbc5604c4e895096a9217ddaef21c1eb762a43acedbc9c4554b58f65bb 0B / 53.10MB 5.3s
#11 sha256:5d8dab7db2742f65eb651ddb9c472895877637821edd25947a57e6809ea99ecb 5.24MB / 23.11MB 6.5s
#11 sha256:5d8dab7db2742f65eb651ddb9c472895877637821edd25947a57e6809ea99ecb 7.34MB / 23.11MB 6.9s
#11 sha256:4e07a0f12b2c009f98326fa391e869bd52fc63728c482400af6cb752bc16744b 0B / 41.84MB 5.3s
#11 sha256:5d8dab7db2742f65eb651ddb9c472895877637821edd25947a57e6809ea99ecb 9.44MB / 23.11MB 8.4s
#11 sha256:9d8d42fbc5604c4e895096a9217ddaef21c1eb762a43acedbc9c4554b58f65bb 3.15MB / 53.10MB 8.4s
#11 sha256:5d8dab7db2742f65eb651ddb9c472895877637821edd25947a57e6809ea99ecb 11.53MB / 23.11MB 9.9s
#11 ...

#18 [backend build 5/7] RUN mvn -q -B dependency:go-offline
#18 ...

#11 [backend stage-1 1/3] FROM docker.io/library/eclipse-temurin:21-jre@sha256:cff19e6215689161eb6162c11b86b0c60ddf802164f2eaf48d570f8fb79a36c5
#11 ...

#19 [frontend stage-1 1/3] FROM docker.io/library/nginx:alpine@sha256:df221db836e1754089190208cee7eeda94f233197056426eda74a43ab1abeac2
#19 resolve docker.io/library/nginx:alpine@sha256:df221db836e1754089190208cee7eeda94f233197056426eda74a43ab1abeac2 0.0s done
#19 ...

#17 [frontend build 1/6] FROM docker.io/library/node:22-alpine@sha256:0a7108bf6c7bf5de370ffb1a3ed6be93d405b43ff159f681a8d18c0e2bc2e402
#17 sha256:d39db1cf9caa4f49c5a2e67111fbe6e0d5eea8ede550cb82f3dc2b79712688d6 447B / 447B 3.6s done
#17 sha256:e554276b05e6306c5ad33cd85bfa7f0693083e21f6114db5abf60a20fb413039 0B / 1.26MB 1.7s
#17 ...

#11 [backend stage-1 1/3] FROM docker.io/library/eclipse-temurin:21-jre@sha256:cff19e6215689161eb6162c11b86b0c60ddf802164f2eaf48d570f8fb79a36c5
#11 sha256:5d8dab7db2742f65eb651ddb9c472895877637821edd25947a57e6809ea99ecb 13.63MB / 23.11MB 11.3s
#11 sha256:9d8d42fbc5604c4e895096a9217ddaef21c1eb762a43acedbc9c4554b58f65bb 6.29MB / 53.10MB 10.7s
#11 sha256:5d8dab7db2742f65eb651ddb9c472895877637821edd25947a57e6809ea99ecb 15.73MB / 23.11MB 12.5s
#11 sha256:4e07a0f12b2c009f98326fa391e869bd52fc63728c482400af6cb752bc16744b 1.05MB / 41.84MB 10.3s
#11 sha256:5d8dab7db2742f65eb651ddb9c472895877637821edd25947a57e6809ea99ecb 17.83MB / 23.11MB 14.7s
#11 sha256:9d8d42fbc5604c4e895096a9217ddaef21c1eb762a43acedbc9c4554b58f65bb 9.44MB / 53.10MB 14.4s
#11 sha256:5d8dab7db2742f65eb651ddb9c472895877637821edd25947a57e6809ea99ecb 19.92MB / 23.11MB 16.6s
#11 sha256:9d8d42fbc5604c4e895096a9217ddaef21c1eb762a43acedbc9c4554b58f65bb 12.58MB / 53.10MB 17.0s
#11 sha256:5d8dab7db2742f65eb651ddb9c472895877637821edd25947a57e6809ea99ecb 22.02MB / 23.11MB 18.0s
#11 sha256:5d8dab7db2742f65eb651ddb9c472895877637821edd25947a57e6809ea99ecb 23.11MB / 23.11MB 18.1s done
#11 sha256:4e07a0f12b2c009f98326fa391e869bd52fc63728c482400af6cb752bc16744b 2.10MB / 41.84MB 15.5s
#11 sha256:9d8d42fbc5604c4e895096a9217ddaef21c1eb762a43acedbc9c4554b58f65bb 15.73MB / 53.10MB 19.2s
#11 ...

#17 [frontend build 1/6] FROM docker.io/library/node:22-alpine@sha256:0a7108bf6c7bf5de370ffb1a3ed6be93d405b43ff159f681a8d18c0e2bc2e402
#17 sha256:e554276b05e6306c5ad33cd85bfa7f0693083e21f6114db5abf60a20fb413039 1.26MB / 1.26MB 5.4s done
#17 sha256:f7f2d304681aaa935c9cfd180850cf616ae843efce7682873d6521ded7268937 1.05MB / 55.59MB 6.6s
#17 sha256:e2de96513ba9eb53b431787ec8a65cdde380ac4772a3e4c4b714dcfde2a102b5 0B / 3.85MB 3.2s
#17 ...

#11 [backend stage-1 1/3] FROM docker.io/library/eclipse-temurin:21-jre@sha256:cff19e6215689161eb6162c11b86b0c60ddf802164f2eaf48d570f8fb79a36c5
#11 sha256:4e07a0f12b2c009f98326fa391e869bd52fc63728c482400af6cb752bc16744b 4.19MB / 41.84MB 19.5s
#11 sha256:9d8d42fbc5604c4e895096a9217ddaef21c1eb762a43acedbc9c4554b58f65bb 18.87MB / 53.10MB 22.9s
#11 sha256:9d8d42fbc5604c4e895096a9217ddaef21c1eb762a43acedbc9c4554b58f65bb 22.02MB / 53.10MB 26.0s
#11 sha256:4e07a0f12b2c009f98326fa391e869bd52fc63728c482400af6cb752bc16744b 5.24MB / 41.84MB 24.6s
#11 sha256:9d8d42fbc5604c4e895096a9217ddaef21c1eb762a43acedbc9c4554b58f65bb 25.17MB / 53.10MB 29.4s
#11 sha256:4e07a0f12b2c009f98326fa391e869bd52fc63728c482400af6cb752bc16744b 7.34MB / 41.84MB 27.9s
#11 ...

#17 [frontend build 1/6] FROM docker.io/library/node:22-alpine@sha256:0a7108bf6c7bf5de370ffb1a3ed6be93d405b43ff159f681a8d18c0e2bc2e402
#17 sha256:f7f2d304681aaa935c9cfd180850cf616ae843efce7682873d6521ded7268937 20.97MB / 55.59MB 17.0s
#17 sha256:e2de96513ba9eb53b431787ec8a65cdde380ac4772a3e4c4b714dcfde2a102b5 3.85MB / 3.85MB 9.0s done
#17 extracting sha256:e2de96513ba9eb53b431787ec8a65cdde380ac4772a3e4c4b714dcfde2a102b5 0.3s done
#17 ...

#11 [backend stage-1 1/3] FROM docker.io/library/eclipse-temurin:21-jre@sha256:cff19e6215689161eb6162c11b86b0c60ddf802164f2eaf48d570f8fb79a36c5
#11 sha256:9d8d42fbc5604c4e895096a9217ddaef21c1eb762a43acedbc9c4554b58f65bb 28.31MB / 53.10MB 32.5s
#11 sha256:4e07a0f12b2c009f98326fa391e869bd52fc63728c482400af6cb752bc16744b 9.44MB / 41.84MB 32.9s
#11 sha256:9d8d42fbc5604c4e895096a9217ddaef21c1eb762a43acedbc9c4554b58f65bb 31.46MB / 53.10MB 36.7s
#11 ...

#19 [frontend stage-1 1/3] FROM docker.io/library/nginx:alpine@sha256:df221db836e1754089190208cee7eeda94f233197056426eda74a43ab1abeac2
#19 sha256:e72112c14215406dc7f23ef8e5cfdfddeb8662176167382ad64ec86f52b7a88e 7.34MB / 20.53MB 10.2s
#19 ...

#11 [backend stage-1 1/3] FROM docker.io/library/eclipse-temurin:21-jre@sha256:cff19e6215689161eb6162c11b86b0c60ddf802164f2eaf48d570f8fb79a36c5
#11 sha256:4e07a0f12b2c009f98326fa391e869bd52fc63728c482400af6cb752bc16744b 10.49MB / 41.84MB 37.9s
#11 sha256:9d8d42fbc5604c4e895096a9217ddaef21c1eb762a43acedbc9c4554b58f65bb 34.60MB / 53.10MB 41.0s
#11 ...

#17 [frontend build 1/6] FROM docker.io/library/node:22-alpine@sha256:0a7108bf6c7bf5de370ffb1a3ed6be93d405b43ff159f681a8d18c0e2bc2e402
#17 sha256:f7f2d304681aaa935c9cfd180850cf616ae843efce7682873d6521ded7268937 39.85MB / 55.59MB 27.3s
#17 ...

#11 [backend stage-1 1/3] FROM docker.io/library/eclipse-temurin:21-jre@sha256:cff19e6215689161eb6162c11b86b0c60ddf802164f2eaf48d570f8fb79a36c5
#11 sha256:4e07a0f12b2c009f98326fa391e869bd52fc63728c482400af6cb752bc16744b 11.53MB / 41.84MB 43.0s
#11 sha256:9d8d42fbc5604c4e895096a9217ddaef21c1eb762a43acedbc9c4554b58f65bb 36.70MB / 53.10MB 46.0s
#11 ...

#19 [frontend stage-1 1/3] FROM docker.io/library/nginx:alpine@sha256:df221db836e1754089190208cee7eeda94f233197056426eda74a43ab1abeac2
#19 sha256:e72112c14215406dc7f23ef8e5cfdfddeb8662176167382ad64ec86f52b7a88e 18.87MB / 20.53MB 20.6s
#19 ...

#11 [backend stage-1 1/3] FROM docker.io/library/eclipse-temurin:21-jre@sha256:cff19e6215689161eb6162c11b86b0c60ddf802164f2eaf48d570f8fb79a36c5
#11 sha256:4e07a0f12b2c009f98326fa391e869bd52fc63728c482400af6cb752bc16744b 12.58MB / 41.84MB 48.1s
#11 sha256:9d8d42fbc5604c4e895096a9217ddaef21c1eb762a43acedbc9c4554b58f65bb 37.75MB / 53.10MB 51.1s
#11 ...

#17 [frontend build 1/6] FROM docker.io/library/node:22-alpine@sha256:0a7108bf6c7bf5de370ffb1a3ed6be93d405b43ff159f681a8d18c0e2bc2e402
#17 sha256:f7f2d304681aaa935c9cfd180850cf616ae843efce7682873d6521ded7268937 49.28MB / 55.59MB 37.7s
#17 ...

#11 [backend stage-1 1/3] FROM docker.io/library/eclipse-temurin:21-jre@sha256:cff19e6215689161eb6162c11b86b0c60ddf802164f2eaf48d570f8fb79a36c5
#11 sha256:9d8d42fbc5604c4e895096a9217ddaef21c1eb762a43acedbc9c4554b58f65bb 40.89MB / 53.10MB 55.2s
#11 sha256:4e07a0f12b2c009f98326fa391e869bd52fc63728c482400af6cb752bc16744b 13.63MB / 41.84MB 53.2s
#11 ...

#19 [frontend stage-1 1/3] FROM docker.io/library/nginx:alpine@sha256:df221db836e1754089190208cee7eeda94f233197056426eda74a43ab1abeac2
#19 sha256:e72112c14215406dc7f23ef8e5cfdfddeb8662176167382ad64ec86f52b7a88e 20.53MB / 20.53MB 21.1s done
#19 sha256:e76228b47809e8a4bd37a6ba52a04d282d8c72ddf0ff9e8b83fd6318631abd52 1.40kB / 1.40kB 6.3s done
#19 sha256:64c8194480fee2c03e01cc561cf5542733627d2c7de493a028139677025f975c 1.21kB / 1.21kB 3.3s done
#19 sha256:9a9a644fdd6a3681d43dace44c8cfef374cfd7b24f433113379ea483692498a8 0B / 404B 0.5s
#19 sha256:745dfb2690dd8627e1593941caccc756f14943df7930a478beb4e808c5695cb9 0B / 965B 0.2s
#19 ...

#11 [backend stage-1 1/3] FROM docker.io/library/eclipse-temurin:21-jre@sha256:cff19e6215689161eb6162c11b86b0c60ddf802164f2eaf48d570f8fb79a36c5
#11 sha256:9d8d42fbc5604c4e895096a9217ddaef21c1eb762a43acedbc9c4554b58f65bb 44.04MB / 53.10MB 58.3s
#11 ...

#17 [frontend build 1/6] FROM docker.io/library/node:22-alpine@sha256:0a7108bf6c7bf5de370ffb1a3ed6be93d405b43ff159f681a8d18c0e2bc2e402
#17 sha256:f7f2d304681aaa935c9cfd180850cf616ae843efce7682873d6521ded7268937 55.59MB / 55.59MB 42.8s done
#17 extracting sha256:f7f2d304681aaa935c9cfd180850cf616ae843efce7682873d6521ded7268937 2.6s done
#17 extracting sha256:e554276b05e6306c5ad33cd85bfa7f0693083e21f6114db5abf60a20fb413039 0.1s done
#17 DONE 59.5s

#11 [backend stage-1 1/3] FROM docker.io/library/eclipse-temurin:21-jre@sha256:cff19e6215689161eb6162c11b86b0c60ddf802164f2eaf48d570f8fb79a36c5
#11 ...

#17 [frontend build 1/6] FROM docker.io/library/node:22-alpine@sha256:0a7108bf6c7bf5de370ffb1a3ed6be93d405b43ff159f681a8d18c0e2bc2e402
#17 extracting sha256:d39db1cf9caa4f49c5a2e67111fbe6e0d5eea8ede550cb82f3dc2b79712688d6 0.0s done
#17 DONE 59.5s

#11 [backend stage-1 1/3] FROM docker.io/library/eclipse-temurin:21-jre@sha256:cff19e6215689161eb6162c11b86b0c60ddf802164f2eaf48d570f8fb79a36c5
#11 ...

#20 [frontend build 2/6] WORKDIR /app
#20 DONE 0.1s

#21 [frontend build 3/6] COPY package.json package-lock.json* ./
#21 DONE 0.1s

#11 [backend stage-1 1/3] FROM docker.io/library/eclipse-temurin:21-jre@sha256:cff19e6215689161eb6162c11b86b0c60ddf802164f2eaf48d570f8fb79a36c5
#11 sha256:4e07a0f12b2c009f98326fa391e869bd52fc63728c482400af6cb752bc16744b 14.68MB / 41.84MB 58.3s
#11 sha256:9d8d42fbc5604c4e895096a9217ddaef21c1eb762a43acedbc9c4554b58f65bb 47.19MB / 53.10MB 60.9s
#11 ...

#19 [frontend stage-1 1/3] FROM docker.io/library/nginx:alpine@sha256:df221db836e1754089190208cee7eeda94f233197056426eda74a43ab1abeac2
#19 sha256:9a9a644fdd6a3681d43dace44c8cfef374cfd7b24f433113379ea483692498a8 404B / 404B 3.3s done
#19 sha256:745dfb2690dd8627e1593941caccc756f14943df7930a478beb4e808c5695cb9 965B / 965B 2.2s done
#19 sha256:6c53d0b2a666ed8f8fad8d9982e30cf24eb085036c17b27591665ca25e1ba40c 629B / 629B 1.8s done
#19 sha256:d9aae54b58315e84b9c3ac5f00bad6610e0e28ad9ff28fcde694647e0be13131 1.93MB / 1.93MB 2.8s done
#19 extracting sha256:d9aae54b58315e84b9c3ac5f00bad6610e0e28ad9ff28fcde694647e0be13131 0.2s done
#19 DONE 63.2s

#11 [backend stage-1 1/3] FROM docker.io/library/eclipse-temurin:21-jre@sha256:cff19e6215689161eb6162c11b86b0c60ddf802164f2eaf48d570f8fb79a36c5
#11 ...

#19 [frontend stage-1 1/3] FROM docker.io/library/nginx:alpine@sha256:df221db836e1754089190208cee7eeda94f233197056426eda74a43ab1abeac2
#19 extracting sha256:6c53d0b2a666ed8f8fad8d9982e30cf24eb085036c17b27591665ca25e1ba40c 0.0s done
#19 extracting sha256:745dfb2690dd8627e1593941caccc756f14943df7930a478beb4e808c5695cb9 0.0s done
#19 extracting sha256:9a9a644fdd6a3681d43dace44c8cfef374cfd7b24f433113379ea483692498a8 0.0s done
#19 extracting sha256:64c8194480fee2c03e01cc561cf5542733627d2c7de493a028139677025f975c 0.0s done
#19 extracting sha256:e76228b47809e8a4bd37a6ba52a04d282d8c72ddf0ff9e8b83fd6318631abd52 0.0s done
#19 DONE 63.3s

#11 [backend stage-1 1/3] FROM docker.io/library/eclipse-temurin:21-jre@sha256:cff19e6215689161eb6162c11b86b0c60ddf802164f2eaf48d570f8fb79a36c5
#11 sha256:9d8d42fbc5604c4e895096a9217ddaef21c1eb762a43acedbc9c4554b58f65bb 50.33MB / 53.10MB 63.3s
#11 ...

#19 [frontend stage-1 1/3] FROM docker.io/library/nginx:alpine@sha256:df221db836e1754089190208cee7eeda94f233197056426eda74a43ab1abeac2
#19 extracting sha256:e72112c14215406dc7f23ef8e5cfdfddeb8662176167382ad64ec86f52b7a88e 0.7s done
#19 DONE 63.9s

#11 [backend stage-1 1/3] FROM docker.io/library/eclipse-temurin:21-jre@sha256:cff19e6215689161eb6162c11b86b0c60ddf802164f2eaf48d570f8fb79a36c5
#11 ...

#22 [frontend stage-1 2/3] COPY nginx.conf /etc/nginx/conf.d/default.conf
#22 DONE 0.1s

#11 [backend stage-1 1/3] FROM docker.io/library/eclipse-temurin:21-jre@sha256:cff19e6215689161eb6162c11b86b0c60ddf802164f2eaf48d570f8fb79a36c5
#11 sha256:9d8d42fbc5604c4e895096a9217ddaef21c1eb762a43acedbc9c4554b58f65bb 53.10MB / 53.10MB 64.8s done
#11 sha256:4e07a0f12b2c009f98326fa391e869bd52fc63728c482400af6cb752bc16744b 15.73MB / 41.84MB 63.4s
#11 ...

#23 [frontend build 4/6] RUN npm install
#23 ...

#11 [backend stage-1 1/3] FROM docker.io/library/eclipse-temurin:21-jre@sha256:cff19e6215689161eb6162c11b86b0c60ddf802164f2eaf48d570f8fb79a36c5
#11 sha256:4e07a0f12b2c009f98326fa391e869bd52fc63728c482400af6cb752bc16744b 16.78MB / 41.84MB 68.5s
#11 sha256:4e07a0f12b2c009f98326fa391e869bd52fc63728c482400af6cb752bc16744b 17.83MB / 41.84MB 73.6s
#11 sha256:4e07a0f12b2c009f98326fa391e869bd52fc63728c482400af6cb752bc16744b 19.92MB / 41.84MB 78.4s
#11 sha256:4e07a0f12b2c009f98326fa391e869bd52fc63728c482400af6cb752bc16744b 22.02MB / 41.84MB 82.9s
#11 ...

#23 [frontend build 4/6] RUN npm install
#23 27.63 
#23 27.63 added 187 packages in 27s
#23 27.63 
#23 27.63 41 packages are looking for funding
#23 27.63   run `npm fund` for details
#23 27.63 npm notice
#23 27.63 npm notice New major version of npm available! 10.9.9 -> 12.2.0
#23 27.63 npm notice Changelog: https://github.com/npm/cli/releases/tag/v12.2.0
#23 27.63 npm notice To update run: npm install -g npm@12.2.0
#23 27.63 npm notice
#23 DONE 27.8s

#18 [backend build 5/7] RUN mvn -q -B dependency:go-offline
#18 ...

#11 [backend stage-1 1/3] FROM docker.io/library/eclipse-temurin:21-jre@sha256:cff19e6215689161eb6162c11b86b0c60ddf802164f2eaf48d570f8fb79a36c5
#11 ...

#24 [frontend build 5/6] COPY . .
#24 DONE 0.2s

#11 [backend stage-1 1/3] FROM docker.io/library/eclipse-temurin:21-jre@sha256:cff19e6215689161eb6162c11b86b0c60ddf802164f2eaf48d570f8fb79a36c5
#11 sha256:4e07a0f12b2c009f98326fa391e869bd52fc63728c482400af6cb752bc16744b 24.12MB / 41.84MB 86.5s
#11 sha256:4e07a0f12b2c009f98326fa391e869bd52fc63728c482400af6cb752bc16744b 26.21MB / 41.84MB 89.2s
#11 sha256:4e07a0f12b2c009f98326fa391e869bd52fc63728c482400af6cb752bc16744b 28.31MB / 41.84MB 91.3s
#11 sha256:4e07a0f12b2c009f98326fa391e869bd52fc63728c482400af6cb752bc16744b 30.41MB / 41.84MB 93.1s
#11 sha256:4e07a0f12b2c009f98326fa391e869bd52fc63728c482400af6cb752bc16744b 32.51MB / 41.84MB 94.6s
#11 ...

#25 [frontend build 6/6] RUN npm run build
#25 0.344 
#25 0.344 > blog-web@1.0.0 build
#25 0.344 > vue-tsc --noEmit && vite build
#25 0.344 
#25 ...

#11 [backend stage-1 1/3] FROM docker.io/library/eclipse-temurin:21-jre@sha256:cff19e6215689161eb6162c11b86b0c60ddf802164f2eaf48d570f8fb79a36c5
#11 sha256:4e07a0f12b2c009f98326fa391e869bd52fc63728c482400af6cb752bc16744b 34.60MB / 41.84MB 96.1s
#11 sha256:4e07a0f12b2c009f98326fa391e869bd52fc63728c482400af6cb752bc16744b 36.70MB / 41.84MB 97.2s
#11 sha256:4e07a0f12b2c009f98326fa391e869bd52fc63728c482400af6cb752bc16744b 38.80MB / 41.84MB 98.4s
#11 sha256:4e07a0f12b2c009f98326fa391e869bd52fc63728c482400af6cb752bc16744b 40.89MB / 41.84MB 100.0s
#11 sha256:4e07a0f12b2c009f98326fa391e869bd52fc63728c482400af6cb752bc16744b 41.84MB / 41.84MB 100.4s done
#11 extracting sha256:4e07a0f12b2c009f98326fa391e869bd52fc63728c482400af6cb752bc16744b
#11 extracting sha256:4e07a0f12b2c009f98326fa391e869bd52fc63728c482400af6cb752bc16744b 2.1s done
#11 DONE 105.5s

#25 [frontend build 6/6] RUN npm run build
#25 10.69 vite v5.4.21 building for production...
#25 10.81 transforming...
#25 ...

#11 [backend stage-1 1/3] FROM docker.io/library/eclipse-temurin:21-jre@sha256:cff19e6215689161eb6162c11b86b0c60ddf802164f2eaf48d570f8fb79a36c5
#11 extracting sha256:06ad70e463aa4a17833d00d6d5d346c895ebb66fee637eefd67024dc6cdc2f1c 0.0s done
#11 extracting sha256:5d8dab7db2742f65eb651ddb9c472895877637821edd25947a57e6809ea99ecb
#11 extracting sha256:5d8dab7db2742f65eb651ddb9c472895877637821edd25947a57e6809ea99ecb 1.2s done
#11 DONE 106.7s

#18 [backend build 5/7] RUN mvn -q -B dependency:go-offline
#18 ...

#11 [backend stage-1 1/3] FROM docker.io/library/eclipse-temurin:21-jre@sha256:cff19e6215689161eb6162c11b86b0c60ddf802164f2eaf48d570f8fb79a36c5
#11 extracting sha256:9d8d42fbc5604c4e895096a9217ddaef21c1eb762a43acedbc9c4554b58f65bb
#11 extracting sha256:9d8d42fbc5604c4e895096a9217ddaef21c1eb762a43acedbc9c4554b58f65bb 1.4s done
#11 DONE 108.0s

#18 [backend build 5/7] RUN mvn -q -B dependency:go-offline
#18 ...

#11 [backend stage-1 1/3] FROM docker.io/library/eclipse-temurin:21-jre@sha256:cff19e6215689161eb6162c11b86b0c60ddf802164f2eaf48d570f8fb79a36c5
#11 extracting sha256:3b4157e3a962cdb99242cd5b145bcc2124d0db0c9849175dd981fe78640d0a72 0.0s done
#11 extracting sha256:550bcd7b9380af835ebbbf439f5ddcaebfb2af951dc75d4bcbdc261cbe3917f0 0.0s done
#11 DONE 108.1s

#26 [backend stage-1 2/3] WORKDIR /app
#26 DONE 0.1s

#18 [backend build 5/7] RUN mvn -q -B dependency:go-offline
#18 ...

#25 [frontend build 6/6] RUN npm run build
#25 22.79 ✓ 1886 modules transformed.
#25 23.77 rendering chunks...
#25 26.45 computing gzip size...
#25 26.50 dist/index.html                                                                  1.26 kB │ gzip:   0.79 kB
#25 26.50 dist/assets/ProfileInfoView-CIzQnlhm.css                                         0.36 kB │ gzip:   0.25 kB
#25 26.50 dist/assets/AlbumView-CkzTrAVZ.css                                               0.52 kB │ gzip:   0.33 kB
#25 26.50 dist/assets/NotFoundView-DbZKoHfn.css                                            0.52 kB │ gzip:   0.31 kB
#25 26.50 dist/assets/ArticleEditView-RrRAU4Sm.css                                         0.69 kB │ gzip:   0.37 kB
#25 26.50 dist/assets/ArticleCard-DXqj_ujY.css                                             0.81 kB │ gzip:   0.51 kB
#25 26.50 dist/assets/PageMasthead-DWAhFeH9.css                                            0.91 kB │ gzip:   0.48 kB
#25 26.50 dist/assets/ArticleDetailView-DnSf__WN.css                                       1.12 kB │ gzip:   0.58 kB
#25 26.50 dist/assets/RegisterView-CVmlMQQj.css                                            1.20 kB │ gzip:   0.57 kB
#25 26.50 dist/assets/LoginView-Brs5fifc.css                                               1.28 kB │ gzip:   0.58 kB
#25 26.50 dist/assets/ToolboxView-D3cYlk9B.css                                             1.57 kB │ gzip:   0.60 kB
#25 26.50 dist/assets/ArchiveView-DBwxdarF.css                                             1.72 kB │ gzip:   0.64 kB
#25 26.50 dist/assets/HomeView-C8eBsZZG.css                                                2.16 kB │ gzip:   0.81 kB
#25 26.50 dist/assets/SearchView-CyO8LCww.css                                              2.91 kB │ gzip:   0.95 kB
#25 26.50 dist/assets/ForgotPasswordView-tLuU-urI.css                                      3.17 kB │ gzip:   1.01 kB
#25 26.50 dist/assets/MessageView-BhqcuLos.css                                             6.20 kB │ gzip:   1.91 kB
#25 26.50 dist/assets/index-CBDkRDwR.css                                                 421.67 kB │ gzip:  60.98 kB
#25 26.50 dist/assets/TagView-RfZgfm8v.js                                                  0.42 kB │ gzip:   0.28 kB
#25 26.50 dist/assets/CategoryView-ME9xXvA1.js                                             0.43 kB │ gzip:   0.29 kB
#25 26.50 dist/assets/Skeleton.vue_vue_type_script_setup_true_lang-BCpxgiSz.js             0.74 kB │ gzip:   0.40 kB
#25 26.50 dist/assets/TravelView-ke4KKLu7.js                                               1.46 kB │ gzip:   1.02 kB
#25 26.50 dist/assets/NotFoundView-BM0aNz0K.js                                             1.56 kB │ gzip:   1.04 kB
#25 26.50 dist/assets/MyCollectionsView-f0uiL6dx.js                                        1.96 kB │ gzip:   1.10 kB
#25 26.50 dist/assets/PageMasthead-DNInufWv.js                                             2.21 kB │ gzip:   1.08 kB
#25 26.50 dist/assets/MessageManageView-BjhJ3__a.js                                        2.38 kB │ gzip:   1.43 kB
#25 26.50 dist/assets/admin-w0PjAs_x.js                                                    2.61 kB │ gzip:   0.69 kB
#25 26.50 dist/assets/EssayView-098ddjcE.js                                                2.75 kB │ gzip:   1.60 kB
#25 26.50 dist/assets/RecordView-BOimCK3Q.js                                               2.90 kB │ gzip:   1.66 kB
#25 26.50 dist/assets/UserManageView-B9XBl6cg.js                                           3.01 kB │ gzip:   1.70 kB
#25 26.50 dist/assets/ProfileView-a4q5UAPN.js                                              3.20 kB │ gzip:   1.70 kB
#25 26.50 dist/assets/TagManageView-DbcoDKNr.js                                            3.42 kB │ gzip:   1.74 kB
#25 26.50 dist/assets/ArchiveView-BsJxblRE.js                                              3.51 kB │ gzip:   2.02 kB
#25 26.50 dist/assets/CategoryManageView-U6pDlQgp.js                                       3.58 kB │ gzip:   1.68 kB
#25 26.50 dist/assets/AlbumView-D1ZFzkL2.js                                                3.88 kB │ gzip:   1.97 kB
#25 26.50 dist/assets/ResourceManageView-D1IJSbVj.js                                       3.95 kB │ gzip:   2.17 kB
#25 26.50 dist/assets/SettingView-Ch3-Wby9.js                                              4.25 kB │ gzip:   1.70 kB
#25 26.50 dist/assets/LinkManageView-D8-lX7He.js                                           4.48 kB │ gzip:   1.94 kB
#25 26.50 dist/assets/DashboardView-ChOamSRX.js                                            4.53 kB │ gzip:   2.20 kB
#25 26.50 dist/assets/ArticleCard-8MyLj-9k.js                                              4.67 kB │ gzip:   2.13 kB
#25 26.50 dist/assets/ArticleListView.vue_vue_type_script_setup_true_lang-ejPwO0bd.js      4.92 kB │ gzip:   2.39 kB
#25 26.50 dist/assets/ArticleManageView-Bwb2LHDI.js                                        5.18 kB │ gzip:   2.46 kB
#25 26.50 dist/assets/LoginView-DIEqgZAj.js                                                5.77 kB │ gzip:   2.84 kB
#25 26.50 dist/assets/RegisterView-DqiQQ2ol.js                                             6.06 kB │ gzip:   2.76 kB
#25 26.50 dist/assets/AboutView-iuvlsm48.js                                                6.20 kB │ gzip:   3.36 kB
#25 26.50 dist/assets/SearchView-DjbVSfVA.js                                               7.44 kB │ gzip:   3.32 kB
#25 26.50 dist/assets/MessageView-C8M-0dcL.js                                              7.55 kB │ gzip:   3.84 kB
#25 26.50 dist/assets/MusicManageView-DhxR2Sff.js                                          7.87 kB │ gzip:   3.52 kB
#25 26.50 dist/assets/ToolboxView-TSFisSYq.js                                              8.32 kB │ gzip:   4.09 kB
#25 26.50 dist/assets/ArticleEditView-D4yTAMG_.js                                          8.60 kB │ gzip:   3.71 kB
#25 26.50 dist/assets/ForgotPasswordView-ChHMysqi.js                                       8.77 kB │ gzip:   3.69 kB
#25 26.50 dist/assets/AlbumManageView-DA4p3oni.js                                          9.77 kB │ gzip:   4.07 kB
#25 26.50 dist/assets/ProfileInfoView-CrPtBDOR.js                                         10.60 kB │ gzip:   3.46 kB
#25 26.50 dist/assets/ArticleDetailView-DciQwCX_.js                                       12.57 kB │ gzip:   4.50 kB
#25 26.51 dist/assets/HomeView-0BuGO9--.js                                                14.43 kB │ gzip:   5.41 kB
#25 26.51 dist/assets/highlight-02uCuPk1.js                                               21.07 kB │ gzip:   8.49 kB
#25 26.51 dist/assets/markdown-CvbNNi8k.js                                                39.62 kB │ gzip:  13.26 kB
#25 26.51 dist/assets/markdown-2vTRFaW2.js                                                93.60 kB │ gzip:  46.74 kB
#25 26.51 dist/assets/vue-ChtDITW2.js                                                    113.61 kB │ gzip:  44.21 kB
#25 26.51 dist/assets/index-NF9bw0NZ.js                                                1,037.59 kB │ gzip: 337.98 kB
#25 26.51 ✓ built in 15.79s
#25 DONE 26.7s

#18 [backend build 5/7] RUN mvn -q -B dependency:go-offline
#18 ...

#27 [frontend stage-1 3/3] COPY --from=build /app/dist /usr/share/nginx/html
#27 DONE 0.0s

#28 [frontend] exporting to image
#28 exporting layers 0.1s done
#28 exporting manifest sha256:8987eb3bea1769f7cb9b3ea91e4ff20d1c4c74a48e2d46a12af15c5cd09f1192 0.0s done
#28 exporting config sha256:807d3034b9dd855d7672317732111b6239b8ce613a00548bf9d069a686140190 0.0s done
#28 exporting attestation manifest sha256:1e7659e9a04ba0173f79fc4073877a674383de9690859ec3bae225115490ee92 0.0s done
#28 exporting manifest list sha256:9280d52110491de1441aa716cd684906703091532722cfab986828bb4cfb8ad6 0.0s done
#28 naming to docker.io/library/bi_ye_she_ji-frontend:latest 0.0s done
#28 unpacking to docker.io/library/bi_ye_she_ji-frontend:latest 0.1s done
#28 DONE 0.3s

#29 [frontend] resolving provenance for metadata file
#29 DONE 0.0s

#18 [backend build 5/7] RUN mvn -q -B dependency:go-offline
#18 DONE 392.2s

#30 [backend build 6/7] COPY src ./src
#30 DONE 0.1s

#31 [backend build 7/7] RUN mvn -q -B package -DskipTests
#31 DONE 24.0s

#32 [backend stage-1 3/3] COPY --from=build /app/target/blog-backend.jar app.jar
#32 DONE 0.1s

#33 [backend] exporting to image
#33 exporting layers
#33 exporting layers 1.5s done
#33 exporting manifest sha256:c7ac19cae8515084e2b6ecd6ca07f890471b823897584eed7d8a45b51567e024 0.0s done
#33 exporting config sha256:e3c730872c9c0bcc271cb690e2d8ed5c2f919cc6b2eff674e9bae09e8c859a5c 0.0s done
#33 exporting attestation manifest sha256:de37735ebaef082fdaa2d89d2e365e61b6cec43203c7b6be08ddef2634056f2b 0.0s done
#33 exporting manifest list sha256:50933556c02129a37c35e77572d3a48a9f580ab6c0d39c6235c769507ea8e743 0.0s done
#33 naming to docker.io/library/bi_ye_she_ji-backend:latest done
#33 unpacking to docker.io/library/bi_ye_she_ji-backend:latest
#33 unpacking to docker.io/library/bi_ye_she_ji-backend:latest 0.3s done
#33 DONE 1.9s

#34 [backend] resolving provenance for metadata file
#34 DONE 0.0s
 Image bi_ye_she_ji-backend Built 
 Image bi_ye_she_ji-frontend Built 
build-exit=0
