
===== 01-选题与方案\任务书-简柚个人博客系统的设计与实现.docx  (段落 67 / 表格 3) =====
  [P 24] 浏览量统计：采用 Redis 累加计数与定时任务批量落库的方式统计文章浏览量，并基于 Redis 有序集合生成热门文章排行榜。

===== 01-选题与方案\选题方案与技术方案.docx  (段落 248 / 表格 19) =====
  [P 207] 为什么点赞 / 收藏必须登录：点赞与收藏必须先回答"是谁点的"才能去重与回显（见 t_like_record、t_collect 的唯一索引），因此必须绑定账号；留言则允许游客试发（仅本页可见、不入库），保持「路过说一句」的低门槛。
  [P 224] 共 14 张表（下表为逻辑名 ↔ 物理表名对照，物理表统一带 t_ 前缀）：
  [T 2/6/3] 事务与行锁保证计数准确；唯一索引承担点赞 / 收藏去重
  [T 9/17/2] 浏览量累加
  [T 9/19/2] 文章点赞 / 取消（登录后按账号去重，刷新保持）
  [T 10/3/2] 全站累计浏览量
  [T 11/1/0] 按账号点赞去重
  [T 11/1/2] 用数据库唯一约束承担并发去重，优于应用层「先查后插」
  [T 11/4/0] 浏览量统计
  [T 11/4/1] 详情读取时 view_count = view_count + 1 原子自增
  [T 11/10/1] 14 张表的范式化设计 + 有意冗余计数列 + 唯一索引承担业务约束
  [T 12/2/0] 浏览量 Redis 缓冲 + 定时落库
  [T 12/2/1] Redis Hash 累加，Spring Task 定时批量写回 t_article.view_count；热门榜改用 Redis ZSet 记分
  [T 12/2/2] 未实现。改为详情读取时 view_count = view_count + 1 原子自增——单机场景更简单且不丢数；热门 TOP N 已实现（排序后序列化缓存进 Redis，TTL 5 分钟），但未用 ZSet 记分模型
  [T 12/11/2] 未实现。看板已提供文章 / 留言 / 用户 / 待审友链统计卡、累计浏览量、今日访问总量与省份分布、最新文章列表，未引入图表库
  [T 13/4/4] 含状态、置顶、浏览量 / 点赞 / 收藏计数冗余列

===== 02-设计文档\功能结构图与流程图.docx  (段落 59 / 表格 1) =====
  [P 2] 设计阶段已定义、本期未实现的能力（敏感词过滤、操作日志、文章版本历史、定时发布、浏览量 Redis 缓冲等）
  [P 28] 设计要点：去重由数据库唯一索引承担，不依赖 Redis 或内存；"是否点过赞"由记录表回显，因此刷新、换设备、换会话都能正确恢复——这是修复"刷新后红心消失"问题后的最终方案（详见数据库设计文档 3.6）。
  [T 0/4/0] 浏览量 Redis 缓冲与热门榜
  [T 0/4/2] 未实现，现为直接更新 view_count 并按该列排序取热门

===== 02-设计文档\数据库设计文档.docx  (段落 208 / 表格 19) =====
  [P 3] 表数量：14 张（另有 3 张预留扩展表，本期未建表，见 3.16）
  [P 10] 1. 规范化：遵循第三范式（3NF），消除传递依赖；对高频统计字段（view_count、like_count 等）采用有意冗余，以空间换查询性能。
  [P 47] • idx_view(view_count) — 热门排行
  [P 51] • 统计字段（view_count 等）采用冗余存储，避免每次列表查询都执行 COUNT；更新由服务层在对应业务动作中同步写入。
  [P 117] 以下三张表在概要设计阶段已完成结构定义，本期版本未在数据库中建表、未编写对应业务代码。此处保留设计以便后续版本扩展，并在答辩时说明取舍：本期优先保证"已实现功能闭环可用"，将这三项列入迭代计划。
  [P 173] • 去重不依赖 Redis 或内存状态，而是由数据库唯一索引保证，天然支持多实例与重启后状态不丢。
  [P 176] 4.3 浏览量计数
  [P 180] • 当前实现为数据库直接自增（setSql("view_count = view_count + 1")），利用 InnoDB 行锁保证计数准确。
  [P 182] • 该字段同时被 idx_view 支撑热门排行使用（按 view_count 倒序取 TOP N），热门列表结果在 Redis 中做短时缓存以减少重复聚合。
  [T 4/11/0] view_count
  [T 4/11/6] 浏览量
  [T 16/5/2] view_count

===== 02-设计文档\系统架构设计.docx  (段落 71 / 表格 8) =====
  [P 3] 上游文档：需求分析.md（15 张表口径）　配套：数据库设计文档.md、功能结构图与流程图.md
  [P 66] • 计数：访问量上升后把浏览量改为 Redis Hash 累加 + 定时批量落库，热门榜改 Redis ZSet
  [T 4/4/0] 点赞去重
  [T 4/5/0] 收藏去重
  [T 4/8/1] 按 view_count 排序取 TOP N，结果 ObjectMapper 序列化后写入 Redis，TTL 10 分钟；Redis 异常时降级直查数据库
  [T 4/9/0] 浏览量
  [T 4/9/1] 详情页直接 UPDATE view_count = view_count + 1（行锁保证准确，无异步延迟）
  [T 6/3/1] 浏览量 Redis 累加 + 定时批量落库
  [T 7/3/0] 计数类（浏览量、点赞数、收藏数）

===== 02-设计文档\需求分析.docx  (段落 136 / 表格 32) =====
  [P 31] 游客到注册用户的转化点：点赞按钮、收藏按钮。 未登录点击时统一跳转登录页（/login?redirect=<当前路径>），登录后回到原位置——这两处必须绑定账号才能去重与回显（见 2.3 设计约束）。留言墙不做登录限制：允许游客直接提交，但仅在前端本页飘一次、不入库（MessageView 未登录分
  [P 125] 数据库 jianyou_blog（utf8mb4），共 14 张表（物理表名统一 t_ 前缀）：
  [T 16/1/2] 文章总数（已发布 / 草稿分列）、留言数、友链待审数、用户数、全站总浏览量
  [T 16/4/2] 浏览量 TOP 榜单
  [T 31/2/0] 浏览量 Redis 缓冲 + 定时落库
  [T 31/2/1] 现为详情页直接 UPDATE view_count + 1

===== 03-正文\毕业设计正文-备份-修订前.docx  (段落 487 / 表格 14) =====
  [P 83] 博主通过同一登录入口进入管理后台，完成文章的发布、编辑与下线，管理分类、标签、相册与背景音乐，管理留言与友链，管理用户与站点设置。后台仪表盘汇总文章数、留言数、留言数、用户数、累计浏览量与今日访问等关键指标，帮助博主掌握站点运行状况。
  [P 84] 在数据层面，上述业务流程由 14 张数据表支撑：用户注册登录写入用户表，文章与分类、标签通过关联表组织，点赞与收藏以记录表形式与账号绑定，留言、相册、音乐各自独立成表，访问日志由拦截器异步埋点。前台每次读取都基于这套数据实时组装，不需要人工维护静态页面；后台的全部管理操作最终也都落在这套表结构上，数
  [P 88] 在数据一致性方面，系统对点赞与收藏这两类“同一用户对同一目标只能操作一次”的行为，采用数据库唯一索引作为防重的最终保障：t_like_record 表以 uk_user_article（user_id, target_id）与 t_collect 表的 uk_user_article（user_id
  [P 114] 数据库是系统全部业务数据的存储中心。简柚个人博客系统使用 MySQL 8.0，数据库名 jianyou_blog，字符集 utf8mb4。根据业务实体与它们之间的关系，共设计 14 张数据表，覆盖用户、内容、互动、资源与配置五个域：用户域包含用户表；内容域包含文章、分类、标签与文章标签关联表；互动域
  [P 119] 表结构总体上满足第三范式，但统计字段是一个重要例外：文章表直接保留 view_count、like_count、collect_count 三个计数列，使列表页一次查询即可拿到展示所需的全部数据，不必对互动记录表做聚合统计。这一取舍以少量写放大换取明显的读性能提升，符合博客站点“读多写少”的实际访问
  [P 123] 根据上述实体关系，共设计 14 张数据表。以下给出各表的字段结构、索引与设计说明。
  [P 148] • 统计字段（view_count 等）采用冗余存储，避免每次列表查询都执行 COUNT；更新由服务层在对应业务动作中同步写入。
  [P 211] • 去重不依赖 Redis 或内存状态，而是由数据库唯一索引保证，天然支持多实例与重启后状态不丢。
  [P 214] • 当前实现为数据库直接自增（setSql("view_count = view_count + 1")），利用 InnoDB 行锁保证计数准确。
  [P 216] • 该字段同时被 idx_view 支撑热门排行使用（按 view_count 倒序取 TOP N），热门列表结果在 Redis 中做短时缓存以减少重复聚合。
  [P 217] 除上述 14 张业务表外，设计阶段还规划了敏感词表（sensitive_word）、文章版本历史表（article_history）与后台操作日志表（operation_log）三张预留扩展表，其 DDL 设计保留在数据库设计文档中；本期系统以人工审核、访问埋点等方式承担了对应职责，故未建表。
  [P 221] 首页数据通过一次聚合接口与两次列表接口获取：热门文章按浏览量排序后写入 Redis 缓存，TTL 5 分钟，缓存未命中或 Redis 异常时自动降级直查数据库；“最近落笔”与时间线列表走分页查询。页面滚动使用 IntersectionObserver 实现元素淡入上浮，数据异步渲染完成后需要重新触发
  [P 325] 博主使用管理员账号登录后进入管理后台。仪表盘汇总文章数、留言数、用户数、待审友链数等统计卡片，以及累计浏览量、今日访问总量与访问省份分布、最新文章列表。统计数据由聚合查询实时计算，访问明细来自 visit_log 埋点表。页面效果如图3.16所示。
  [P 366] 在开发过程中，系统经历了多轮真实使用驱动的迭代：点赞功能最初按 IP 去重，实际使用中发现刷新页面后红心状态丢失、多个账号无法区分，随后重构为按账号落库；收藏页面补齐了账号间数据隔离；数据库设计文档也以线上真实表结构为准反复校对。这种“自己就是第一个用户”的开发方式，让功能取舍始终围绕真实需求展开。
  [P 367] 从工程能力的角度看，本课题最大的收获不在于用了多少框架，而在于建立起一套判断标准：一个功能该不该做、逻辑写在服务端还是前端、要不要加缓存、要不要建索引，判断依据都来自真实的使用场景与数据规模，而不是“别的项目都这么做”。开发过程中也确实放弃过若干看似高级但并不需要的方案，例如为十几张表引入分库分表、
  [P 372] 受时间与条件限制，系统仍有以下不足：一是检索使用数据库 LIKE 匹配，数据量增大后性能会下降，方案中规划的 ngram 全文索引尚未启用；二是未实现敏感词过滤与短信、邮箱验证码，风控目前依赖后台人工审核；三是后台仪表盘以数字卡片为主，尚未引入趋势图表；四是文章浏览量直接落库自增，未做 Redis 
  [T 3/11/0] view_count
  [T 3/11/6] 浏览量

===== 03-正文\毕业设计正文-备份-热门清理前.docx  (段落 499 / 表格 14) =====
  [P 85] 博主通过同一登录入口进入管理后台，完成文章的发布、编辑与下线，管理分类、标签、相册与背景音乐，管理留言与友链，管理用户与站点设置。后台仪表盘汇总文章总数、已发布数、草稿数、全站浏览量、留言总数、待审友链数与今日访问量等关键指标，帮助博主掌握站点运行状况。
  [P 86] 在数据层面，上述业务流程由 14 张数据表支撑：用户注册登录写入用户表，文章与分类、标签通过关联表组织，点赞与收藏以记录表形式与账号绑定，留言、相册、音乐各自独立成表，访问日志由拦截器异步埋点。前台每次读取都基于这套数据实时组装，不需要人工维护静态页面；后台的全部管理操作最终也都落在这套表结构上，数
  [P 90] 在数据一致性方面，系统对点赞与收藏这两类“同一用户对同一目标只能操作一次”的行为，采用数据库唯一索引作为防重的最终保障：t_like_record 表以 uk_user_article（user_id, target_id）与 t_collect 表的 uk_user_article（user_id
  [P 116] 数据库是系统全部业务数据的存储中心。简柚个人博客系统使用 MySQL 8.0，数据库名 jianyou_blog，字符集 utf8mb4。根据业务实体与它们之间的关系，共设计 14 张数据表，覆盖用户、内容、互动、资源与配置五个域：用户域包含用户表；内容域包含文章、分类、标签与文章标签关联表；互动域
  [P 121] 表结构总体上满足第三范式，但统计字段是一个重要例外：文章表直接保留 view_count、like_count、collect_count 三个计数列，使列表页一次查询即可拿到展示所需的全部数据，不必对互动记录表做聚合统计。这一取舍以少量写放大换取明显的读性能提升，符合博客站点“读多写少”的实际访问
  [P 125] 根据上述实体关系，共设计 14 张数据表。以下给出各表的字段结构、索引与设计说明。
  [P 150] • 统计字段（view_count 等）采用冗余存储，避免每次列表查询都执行 COUNT；更新由服务层在对应业务动作中同步写入。
  [P 213] • 去重不依赖 Redis 或内存状态，而是由数据库唯一索引保证，天然支持多实例与重启后状态不丢。
  [P 216] • 当前实现为数据库直接自增（setSql("view_count = view_count + 1")），利用 InnoDB 行锁保证计数准确。
  [P 218] • 该字段同时被 idx_view 支撑热门排行使用（按 view_count 倒序取 TOP N），热门列表结果在 Redis 中做短时缓存以减少重复聚合。
  [P 219] 除上述 14 张业务表外，设计阶段还规划了敏感词表（sensitive_word）、文章版本历史表（article_history）与后台操作日志表（operation_log）三张预留扩展表，其 DDL 设计保留在数据库设计文档中；本期系统以人工审核、访问埋点等方式承担了对应职责，故未建表。
  [P 223] 首页数据通过一次聚合接口与两次列表接口获取：热门文章按浏览量排序后写入 Redis 缓存，TTL 5 分钟，缓存未命中或 Redis 异常时自动降级直查数据库；“最近落笔”与时间线列表走分页查询。页面滚动使用 IntersectionObserver 实现元素淡入上浮，数据异步渲染完成后需要重新触发
  [P 327] 博主使用管理员账号登录后进入管理后台。仪表盘以七张统计卡汇总文章总数、已发布数、草稿数、全站浏览量、留言总数、待审友链数与今日访问量，页内另附今日访问省份统计与最近留言列表。统计数据由聚合查询实时计算，访问明细来自 visit_log 埋点表。页面效果如图3.16所示。
  [P 378] 在开发过程中，系统经历了多轮真实使用驱动的迭代：点赞功能最初按 IP 去重，实际使用中发现刷新页面后红心状态丢失、多个账号无法区分，随后重构为按账号落库；收藏页面补齐了账号间数据隔离；数据库设计文档也以线上真实表结构为准反复校对。这种“自己就是第一个用户”的开发方式，让功能取舍始终围绕真实需求展开。
  [P 379] 从工程能力的角度看，本课题最大的收获不在于用了多少框架，而在于建立起一套判断标准：一个功能该不该做、逻辑写在服务端还是前端、要不要加缓存、要不要建索引，判断依据都来自真实的使用场景与数据规模，而不是“别的项目都这么做”。开发过程中也确实放弃过若干看似高级但并不需要的方案，例如为十几张表引入分库分表、
  [P 384] 受时间与条件限制，系统仍有以下不足：一是检索使用数据库 LIKE 匹配，数据量增大后性能会下降，方案中规划的 ngram 全文索引尚未启用；二是未实现敏感词过滤与短信、邮箱验证码，风控目前依赖后台人工审核；三是后台仪表盘以数字卡片为主，尚未引入趋势图表；四是文章浏览量直接落库自增，未做 Redis 
  [T 3/11/0] view_count
  [T 3/11/6] 浏览量

===== 03-正文\毕业设计正文-备份-移除留言回复前.docx  (段落 517 / 表格 14) =====
  [P 88] 博主通过同一登录入口进入管理后台，完成文章的发布、编辑与下线，管理分类、标签、相册与背景音乐，管理留言与友链，管理用户与站点设置。后台仪表盘汇总文章总数、已发布数、草稿数、全站浏览量、留言总数、待审友链数与今日访问量等关键指标，帮助博主掌握站点运行状况。
  [P 89] 在数据层面，上述业务流程由 14 张数据表支撑：用户注册登录写入用户表，文章与分类、标签通过关联表组织，点赞与收藏以记录表形式与账号绑定，留言、相册、音乐各自独立成表，访问日志由拦截器异步埋点。前台每次读取都基于这套数据实时组装，不需要人工维护静态页面；后台的全部管理操作最终也都落在这套表结构上，数
  [P 93] 在数据一致性方面，系统对点赞与收藏这两类“同一用户对同一目标只能操作一次”的行为，采用数据库唯一索引作为防重的最终保障：t_like_record 表以 uk_user_article（user_id, target_id）与 t_collect 表的 uk_user_article（user_id
  [P 119] 数据库是系统全部业务数据的存储中心。简柚个人博客系统使用 MySQL 8.0，数据库名 jianyou_blog，字符集 utf8mb4。根据业务实体与它们之间的关系，共设计 14 张数据表，覆盖用户、内容、互动、资源与配置五个域：用户域包含用户表；内容域包含文章、分类、标签与文章标签关联表；互动域
  [P 124] 表结构总体上满足第三范式，但统计字段是一个重要例外：文章表直接保留 view_count、like_count、collect_count 三个计数列，使列表页一次查询即可拿到展示所需的全部数据，不必对互动记录表做聚合统计。这一取舍以少量写放大换取明显的读性能提升，符合博客站点“读多写少”的实际访问
  [P 128] 根据上述实体关系，共设计 14 张数据表。以下给出各表的字段结构、索引与设计说明。
  [P 153] • 统计字段（view_count 等）采用冗余存储，避免每次列表查询都执行 COUNT；更新由服务层在对应业务动作中同步写入。
  [P 216] • 去重不依赖 Redis 或内存状态，而是由数据库唯一索引保证，天然支持多实例与重启后状态不丢。
  [P 219] • 当前实现为数据库直接自增（setSql("view_count = view_count + 1")），利用 InnoDB 行锁保证计数准确。
  [P 221] • idx_view 索引覆盖该字段。原设计用于支撑热门文章排行（按 view_count 倒序取 TOP N），该功能已于设计后期整体移除，索引暂留备用、不参与当前任何查询。
  [P 222] 除上述 14 张业务表外，设计阶段还规划了敏感词表（sensitive_word）、文章版本历史表（article_history）与后台操作日志表（operation_log）三张预留扩展表，其 DDL 设计保留在数据库设计文档中；本期系统以人工审核、访问埋点等方式承担了对应职责，故未建表。
  [P 330] 博主使用管理员账号登录后进入管理后台。仪表盘以七张统计卡汇总文章总数、已发布数、草稿数、全站浏览量、留言总数、待审友链数与今日访问量，页内另附今日访问省份统计与最近留言列表。统计数据由聚合查询实时计算，访问明细来自 visit_log 埋点表。页面效果如图3.16所示。
  [P 396] 在开发过程中，系统经历了多轮真实使用驱动的迭代：点赞功能最初按 IP 去重，实际使用中发现刷新页面后红心状态丢失、多个账号无法区分，随后重构为按账号落库；收藏页面补齐了账号间数据隔离；数据库设计文档也以线上真实表结构为准反复校对。这种“自己就是第一个用户”的开发方式，让功能取舍始终围绕真实需求展开。
  [P 397] 从工程能力的角度看，本课题最大的收获不在于用了多少框架，而在于建立起一套判断标准：一个功能该不该做、逻辑写在服务端还是前端、要不要加缓存、要不要建索引，判断依据都来自真实的使用场景与数据规模，而不是“别的项目都这么做”。开发过程中也确实放弃过若干看似高级但并不需要的方案，例如为十几张表引入分库分表、
  [P 402] 受时间与条件限制，系统仍有以下不足：一是检索使用数据库 LIKE 匹配，数据量增大后性能会下降，方案中规划的 ngram 全文索引尚未启用；二是未实现敏感词过滤与短信、邮箱验证码，风控目前依赖后台人工审核；三是后台仪表盘以数字卡片为主，尚未引入趋势图表；四是文章浏览量直接落库自增，未做 Redis 
  [T 3/11/0] view_count
  [T 3/11/6] 浏览量

===== 03-正文\毕业设计正文-简柚个人博客系统的设计与实现.docx  (段落 517 / 表格 14) =====
  [P 88] 博主通过同一登录入口进入管理后台，完成文章的发布、编辑与下线，管理分类、标签、相册与背景音乐，管理留言与友链，管理用户与站点设置。后台仪表盘汇总文章总数、已发布数、草稿数、全站浏览量、留言总数、待审友链数与今日访问量等关键指标，帮助博主掌握站点运行状况。
  [P 89] 在数据层面，上述业务流程由 14 张数据表支撑：用户注册登录写入用户表，文章与分类、标签通过关联表组织，点赞与收藏以记录表形式与账号绑定，留言、相册、音乐各自独立成表，访问日志由拦截器异步埋点。前台每次读取都基于这套数据实时组装，不需要人工维护静态页面；后台的全部管理操作最终也都落在这套表结构上，数
  [P 93] 在数据一致性方面，系统对点赞与收藏这两类“同一用户对同一目标只能操作一次”的行为，采用数据库唯一索引作为防重的最终保障：t_like_record 表以 uk_user_article（user_id, target_id）与 t_collect 表的 uk_user_article（user_id
  [P 119] 数据库是系统全部业务数据的存储中心。简柚个人博客系统使用 MySQL 8.0，数据库名 jianyou_blog，字符集 utf8mb4。根据业务实体与它们之间的关系，共设计 14 张数据表，覆盖用户、内容、互动、资源与配置五个域：用户域包含用户表；内容域包含文章、分类、标签与文章标签关联表；互动域
  [P 124] 表结构总体上满足第三范式，但统计字段是一个重要例外：文章表直接保留 view_count、like_count、collect_count 三个计数列，使列表页一次查询即可拿到展示所需的全部数据，不必对互动记录表做聚合统计。这一取舍以少量写放大换取明显的读性能提升，符合博客站点“读多写少”的实际访问
  [P 128] 根据上述实体关系，共设计 14 张数据表。以下给出各表的字段结构、索引与设计说明。
  [P 153] • 统计字段（view_count 等）采用冗余存储，避免每次列表查询都执行 COUNT；更新由服务层在对应业务动作中同步写入。
  [P 216] • 去重不依赖 Redis 或内存状态，而是由数据库唯一索引保证，天然支持多实例与重启后状态不丢。
  [P 219] • 当前实现为数据库直接自增（setSql("view_count = view_count + 1")），利用 InnoDB 行锁保证计数准确。
  [P 221] • idx_view 索引覆盖该字段。原设计用于支撑热门文章排行（按 view_count 倒序取 TOP N），该功能已于设计后期整体移除，索引暂留备用、不参与当前任何查询。
  [P 222] 除上述 14 张业务表外，设计阶段还规划了敏感词表（sensitive_word）、文章版本历史表（article_history）与后台操作日志表（operation_log）三张预留扩展表，其 DDL 设计保留在数据库设计文档中；本期系统以人工审核、访问埋点等方式承担了对应职责，故未建表。
  [P 330] 博主使用管理员账号登录后进入管理后台。仪表盘以七张统计卡汇总文章总数、已发布数、草稿数、全站浏览量、留言总数、待审友链数与今日访问量，页内另附今日访问省份统计与最近留言列表。统计数据由聚合查询实时计算，访问明细来自 visit_log 埋点表。页面效果如图3.16所示。
  [P 396] 在开发过程中，系统经历了多轮真实使用驱动的迭代：点赞功能最初按 IP 去重，实际使用中发现刷新页面后红心状态丢失、多个账号无法区分，随后重构为按账号落库；收藏页面补齐了账号间数据隔离；数据库设计文档也以线上真实表结构为准反复校对。这种“自己就是第一个用户”的开发方式，让功能取舍始终围绕真实需求展开。
  [P 397] 从工程能力的角度看，本课题最大的收获不在于用了多少框架，而在于建立起一套判断标准：一个功能该不该做、逻辑写在服务端还是前端、要不要加缓存、要不要建索引，判断依据都来自真实的使用场景与数据规模，而不是“别的项目都这么做”。开发过程中也确实放弃过若干看似高级但并不需要的方案，例如为十几张表引入分库分表、
  [P 402] 受时间与条件限制，系统仍有以下不足：一是检索使用数据库 LIKE 匹配，数据量增大后性能会下降，方案中规划的 ngram 全文索引尚未启用；二是未实现敏感词过滤与短信、邮箱验证码，风控目前依赖后台人工审核；三是后台仪表盘以数字卡片为主，尚未引入趋势图表；四是文章浏览量直接落库自增，未做 Redis 
  [T 3/11/0] view_count
  [T 3/11/6] 浏览量
